// Jest Snapshot v1, https://goo.gl/fbAQLP

exports[`renders button with correct name: 
<button
  type="button"
>
  AC
</button>
 1`] = `
<button
  type="button"
>
  AC
</button>
`;
